---
source: src/tui/ui.rs
assertion_line: 117
expression: "render_to_string(&app, 60, 10)"
---
┌Zanxio 0.1.0──────────────────────────────────────────────┐
│ ● Disconnected                                           │
└──────────────────────────────────────────────────────────┘
┌──────────────────────────────────────────────────────────┐
│                     Press 'q' to quit                    │
│                                                          │
│                                                          │
│                                                          │
│                                                          │
└──────────────────────────────────────────────────────────┘
