---
source: src/tui/ui.rs
expression: "render_to_string(&app, 120, 8)"
---
┌Zizq 0.1.0────────────────────────────────────────────────────────────────────────────────────────────────────────────┐
│ ● Disconnected                                                                                                       │
└──────────────────────────────────────────────────────────────────────────────────────────────────────────────────────┘
┌Ready─────────────────────────────────────────────────────┐┌Working───────────────────────────────────────────────────┐
│ID          Pri  Queue       Type         Since      Att  ││ID          Pri  Queue       Type         Since      Att  │
│                                                          ││                                                          │
│                                                          ││                                                          │
└──────────────────────────────────────────────────────────┘└──────────────────────────────────────────────────────────┘
