---
source: src/top/ui.rs
expression: "render_to_string(&app, 60, 10)"
---
  Zizq 0.1.0
● Connected 127.0.0.1:8901
  Server version: 1.0.0, Uptime: 1m5s
  Queue: 0 in-flight, 0 ready, 0 scheduled

  Depth[                                           0 jobs]

   In-Flight   Ready   Scheduled
                         ID   PRIORITY QUEUE              DU
 Tab Change Tab  q Quit
