---
source: src/top/ui.rs
expression: "render_to_string(&app, 80, 12)"
---
  Zizq 0.1.0
● Connected 127.0.0.1:8901
  Server version: 1.0.0, Uptime: 2m
  Queue: 2 in-flight, 2 ready

  Depth[││││                                                           4 jobs]

   In-Flight   Ready   Scheduled
                         ID   PRIORITY QUEU     DURATION   ATTEMPTS TYPE
70a2bb46e1f07a0c908d7a2bb40          0 defa           3s          1 generate_ann
70a1aa35d0e06b0b807c691aa30          0 bill        2m30s          3 charge_subsc
 ←/→ Switch tab  q Quit
